Copyright 1986-2017 Xilinx, Inc. All Rights Reserved.
-------------------------------------------------------------------------------------------------------------------------------------------------
| Tool Version     : Vivado v.2017.4 (win64) Build 2086221 Fri Dec 15 20:55:39 MST 2017
| Date             : Wed Dec 27 07:21:10 2023
| Host             : LegionWells running 64-bit major release  (build 9200)
| Command          : report_power -file MiniPiano_power_routed.rpt -pb MiniPiano_power_summary_routed.pb -rpx MiniPiano_power_routed.rpx
| Design           : MiniPiano
| Device           : xc7a35tcsg324-1
| Design State     : routed
| Grade            : commercial
| Process          : typical
| Characterization : Production
-------------------------------------------------------------------------------------------------------------------------------------------------

Power Report

Table of Contents
-----------------
1. Summary
1.1 On-Chip Components
1.2 Power Supply Summary
1.3 Confidence Level
2. Settings
2.1 Environment
2.2 Clock Constraints
3. Detailed Reports
3.1 By Hierarchy

1. Summary
----------

+--------------------------+----------------------------------+
| Total On-Chip Power (W)  | 41.737 (Junction temp exceeded!) |
| Design Power Budget (W)  | Unspecified*                     |
| Power Budget Margin (W)  | NA                               |
| Dynamic (W)              | 41.250                           |
| Device Static (W)        | 0.487                            |
| Effective TJA (C/W)      | 4.8                              |
| Max Ambient (C)          | 0.0                              |
| Junction Temperature (C) | 125.0                            |
| Confidence Level         | Low                              |
| Setting File             | ---                              |
| Simulation Activity File | ---                              |
| Design Nets Matched      | NA                               |
+--------------------------+----------------------------------+
* Specify Design Power Budget using, set_operating_conditions -design_power_budget <value in Watts>


1.1 On-Chip Components
----------------------

+--------------------------+-----------+----------+-----------+-----------------+
| On-Chip                  | Power (W) | Used     | Available | Utilization (%) |
+--------------------------+-----------+----------+-----------+-----------------+
| Slice Logic              |    11.936 |     6217 |       --- |             --- |
|   LUT as Logic           |    10.114 |     2648 |     20800 |           12.73 |
|   CARRY4                 |     1.655 |      338 |      8150 |            4.15 |
|   Register               |     0.067 |     2410 |     41600 |            5.79 |
|   F7/F8 Muxes            |     0.051 |      365 |     32600 |            1.12 |
|   BUFG                   |     0.037 |        7 |        32 |           21.88 |
|   LUT as Distributed RAM |     0.012 |        7 |      9600 |            0.07 |
|   Others                 |     0.000 |       47 |       --- |             --- |
| Signals                  |    10.503 |     4802 |       --- |             --- |
| Block RAM                |     0.117 |        1 |        50 |            2.00 |
| MMCM                     |     8.131 |        2 |         5 |           40.00 |
| I/O                      |    10.563 |       72 |       210 |           34.29 |
| Static Power             |     0.487 |          |           |                 |
| Total                    |    41.737 |          |           |                 |
+--------------------------+-----------+----------+-----------+-----------------+


1.2 Power Supply Summary
------------------------

+-----------+-------------+-----------+-------------+------------+
| Source    | Voltage (V) | Total (A) | Dynamic (A) | Static (A) |
+-----------+-------------+-----------+-------------+------------+
| Vccint    |       1.000 |    23.024 |      22.683 |      0.341 |
| Vccaux    |       1.800 |     4.926 |       4.872 |      0.053 |
| Vcco33    |       3.300 |     2.967 |       2.966 |      0.001 |
| Vcco25    |       2.500 |     0.000 |       0.000 |      0.000 |
| Vcco18    |       1.800 |     0.000 |       0.000 |      0.000 |
| Vcco15    |       1.500 |     0.000 |       0.000 |      0.000 |
| Vcco135   |       1.350 |     0.000 |       0.000 |      0.000 |
| Vcco12    |       1.200 |     0.000 |       0.000 |      0.000 |
| Vccaux_io |       1.800 |     0.000 |       0.000 |      0.000 |
| Vccbram   |       1.000 |     0.019 |       0.009 |      0.010 |
| MGTAVcc   |       1.000 |     0.000 |       0.000 |      0.000 |
| MGTAVtt   |       1.200 |     0.000 |       0.000 |      0.000 |
| Vccadc    |       1.800 |     0.020 |       0.000 |      0.020 |
+-----------+-------------+-----------+-------------+------------+


1.3 Confidence Level
--------------------

+-----------------------------+------------+--------------------------------------------------------+--------------------------------------------------------------------------------------------------------------------+
| User Input Data             | Confidence | Details                                                | Action                                                                                                             |
+-----------------------------+------------+--------------------------------------------------------+--------------------------------------------------------------------------------------------------------------------+
| Design implementation state | High       | Design is routed                                       |                                                                                                                    |
| Clock nodes activity        | Low        | User specified less than 75% of clocks                 | Provide missing clock activity with a constraint file, simulation results or by editing the "By Clock Domain" view |
| I/O nodes activity          | Low        | More than 75% of inputs are missing user specification | Provide missing input activity with simulation results or by editing the "By Resource Type -> I/Os" view           |
| Internal nodes activity     | Medium     | User specified less than 25% of internal nodes         | Provide missing internal nodes activity with simulation results or by editing the "By Resource Type" views         |
| Device models               | High       | Device models are Production                           |                                                                                                                    |
|                             |            |                                                        |                                                                                                                    |
| Overall confidence level    | Low        |                                                        |                                                                                                                    |
+-----------------------------+------------+--------------------------------------------------------+--------------------------------------------------------------------------------------------------------------------+


2. Settings
-----------

2.1 Environment
---------------

+-----------------------+--------------------------+
| Ambient Temp (C)      | 25.0                     |
| ThetaJA (C/W)         | 4.8                      |
| Airflow (LFM)         | 250                      |
| Heat Sink             | medium (Medium Profile)  |
| ThetaSA (C/W)         | 4.6                      |
| Board Selection       | medium (10"x10")         |
| # of Board Layers     | 12to15 (12 to 15 Layers) |
| Board Temperature (C) | 25.0                     |
+-----------------------+--------------------------+


2.2 Clock Constraints
---------------------

+-------+--------+-----------------+
| Clock | Domain | Constraint (ns) |
+-------+--------+-----------------+


3. Detailed Reports
-------------------

3.1 By Hierarchy
----------------

+--------------------------------------------------+-----------+
| Name                                             | Power (W) |
+--------------------------------------------------+-----------+
| MiniPiano                                        |    41.250 |
|   buzzer                                         |    18.541 |
|     b1                                           |     0.697 |
|       k_record                                   |     0.105 |
|       u_ram1                                     |     0.070 |
|         U0                                       |     0.070 |
|           inst_blk_mem_gen                       |     0.070 |
|             gnbram.gnativebmg.native_blk_mem_gen |     0.070 |
|               valid.cstr                         |     0.070 |
|                 ramloop[0].ram.r                 |     0.070 |
|                   prim_noinit.ram                |     0.070 |
|       u_ram2                                     |     0.060 |
|         U0                                       |     0.060 |
|           inst_blk_mem_gen                       |     0.060 |
|             gnbram.gnativebmg.native_blk_mem_gen |     0.060 |
|               valid.cstr                         |     0.060 |
|                 ramloop[0].ram.r                 |     0.060 |
|                   prim_noinit.ram                |     0.060 |
|     nolabel_line72                               |     3.023 |
|       com_pro                                    |     0.029 |
|         clk_div                                  |     0.023 |
|       k2                                         |     1.060 |
|     u1                                           |     0.088 |
|     u2                                           |     0.511 |
|       cd1                                        |     0.148 |
|       level_reg_0_3_0_0                          |     0.004 |
|       level_reg_0_3_1_1                          |     0.015 |
|       level_reg_0_3_2_2                          |     0.017 |
|       level_reg_0_3_3_3                          |     0.014 |
|       level_reg_0_3_4_4                          |     0.006 |
|       level_reg_0_3_5_5                          |     0.003 |
|       level_reg_0_3_6_6                          |     0.002 |
|     u3                                           |    13.684 |
|     u4                                           |     0.538 |
|   light                                          |     0.362 |
|   nolabel_line63                                 |    10.202 |
|     u_character                                  |     4.548 |
|       u_clk25                                    |     4.089 |
|         inst                                     |     4.089 |
|       vga_driver_character                       |     0.356 |
|     u_game                                       |     5.654 |
|       u2_clk25                                   |     4.092 |
|         inst                                     |     4.092 |
|       u_game_rgb_out                             |     1.562 |
|         vga_driver_moving_block                  |     0.260 |
+--------------------------------------------------+-----------+


